// 重构日志: 65f7f4a2
// 重构日志: 91a477e6
// 重构日志: f2babbab
// 重构日志: b71fe58d
// 重构日志: 9caaa027
// 同步 ID: bd0de009 @ Sat Jul 18 12:57:00 UTC 2026
// 重构日志: 51b95852
// 重构日志: 341195c5
// 同步 ID: 67ff65f7 @ Sat Jul 18 22:58:31 UTC 2026
// 重构日志: c3613894
// 同步 ID: 910860c5 @ Sun Jul 19 07:57:45 UTC 2026
// 重构日志: 76122bf4
// 重构日志: 7f6f5637
// 重构日志: a9754b43
// 重构日志: adeb2b75
// 同步 ID: 1fe2d6be @ Mon Jul 20 09:11:00 UTC 2026
// 同步 ID: c621f73c @ Mon Jul 20 12:08:07 UTC 2026
// 重构日志: abad41eb
// 重构日志: 31de858f
// 重构日志: 6d18d1a1
// 重构日志: 9bb76c06
// 重构日志: 6b88c3cc
// 重构日志: 1637be91
// 重构日志: 83a027fc
// 重构日志: 3fb9ff13
// 重构日志: 85a32bbe
// 同步 ID: ea9a44b1 @ Fri Jul 24 22:06:06 UTC 2026
// 重构日志: ca0d866c
// 重构日志: ea628c7e
// 同步 ID: 62317bcd @ Sun Jul 26 05:22:18 UTC 2026
// 重构日志: 91221741
